[0.045s] DEBUG:colcon:Command line arguments: ['/usr/bin/colcon', 'build', '--symlink-install']
[0.045s] DEBUG:colcon:Parsed command line arguments: Namespace(log_base=None, log_level=None, verb_name='build', build_base='build', install_base='install', merge_install=False, symlink_install=True, test_result_base=None, continue_on_error=False, executor='parallel', parallel_workers=32, event_handlers=None, ignore_user_meta=False, metas=['./colcon.meta'], base_paths=['.'], packages_ignore=None, packages_ignore_regex=None, paths=None, packages_up_to=None, packages_up_to_regex=None, packages_above=None, packages_above_and_dependencies=None, packages_above_depth=None, packages_select_by_dep=None, packages_skip_by_dep=None, packages_skip_up_to=None, packages_select_build_failed=False, packages_skip_build_finished=False, packages_select_test_failures=False, packages_skip_test_passed=False, packages_select=None, packages_skip=None, packages_select_regex=None, packages_skip_regex=None, packages_start=None, packages_end=None, allow_overriding=[], cmake_args=None, cmake_target=None, cmake_target_skip_unavailable=False, cmake_clean_cache=False, cmake_clean_first=False, cmake_force_configure=False, ament_cmake_args=None, catkin_cmake_args=None, catkin_skip_building_tests=False, mixin_files=None, mixin=None, verb_parser=<colcon_mixin.mixin.mixin_argument.MixinArgumentDecorator object at 0x7fa696ea0d40>, verb_extension=<colcon_core.verb.build.BuildVerb object at 0x7fa696e77f50>, main=<bound method BuildVerb.main of <colcon_core.verb.build.BuildVerb object at 0x7fa696e77f50>>, mixin_verb=('build',))
[0.062s] Level 1:colcon.colcon_core.package_discovery:discover_packages(colcon_meta) check parameters
[0.062s] Level 1:colcon.colcon_core.package_discovery:discover_packages(recursive) check parameters
[0.063s] Level 1:colcon.colcon_core.package_discovery:discover_packages(ignore) check parameters
[0.063s] Level 1:colcon.colcon_core.package_discovery:discover_packages(path) check parameters
[0.063s] Level 1:colcon.colcon_core.package_discovery:discover_packages(colcon_meta) discover
[0.063s] Level 1:colcon.colcon_core.package_discovery:discover_packages(recursive) discover
[0.063s] INFO:colcon.colcon_core.package_discovery:Crawling recursively for packages in '/home/ivlab3/Lucas_ws/ros2_ws'
[0.063s] Level 1:colcon.colcon_core.package_identification:_identify(.) by extensions ['ignore', 'ignore_ament_install']
[0.063s] Level 1:colcon.colcon_core.package_identification:_identify(.) by extension 'ignore'
[0.063s] Level 1:colcon.colcon_core.package_identification:_identify(.) by extension 'ignore_ament_install'
[0.063s] Level 1:colcon.colcon_core.package_identification:_identify(.) by extensions ['colcon_pkg']
[0.063s] Level 1:colcon.colcon_core.package_identification:_identify(.) by extension 'colcon_pkg'
[0.063s] Level 1:colcon.colcon_core.package_identification:_identify(.) by extensions ['colcon_meta']
[0.063s] Level 1:colcon.colcon_core.package_identification:_identify(.) by extension 'colcon_meta'
[0.063s] Level 1:colcon.colcon_core.package_identification:_identify(.) by extensions ['ros']
[0.063s] Level 1:colcon.colcon_core.package_identification:_identify(.) by extension 'ros'
[0.075s] Level 1:colcon.colcon_core.package_identification:_identify(.) by extensions ['cmake', 'python']
[0.075s] Level 1:colcon.colcon_core.package_identification:_identify(.) by extension 'cmake'
[0.075s] Level 1:colcon.colcon_core.package_identification:_identify(.) by extension 'python'
[0.075s] Level 1:colcon.colcon_core.package_identification:_identify(.) by extensions ['python_setup_py']
[0.075s] Level 1:colcon.colcon_core.package_identification:_identify(.) by extension 'python_setup_py'
[0.075s] Level 1:colcon.colcon_core.package_identification:_identify(build) by extensions ['ignore', 'ignore_ament_install']
[0.075s] Level 1:colcon.colcon_core.package_identification:_identify(build) by extension 'ignore'
[0.075s] Level 1:colcon.colcon_core.package_identification:_identify(build) ignored
[0.075s] Level 1:colcon.colcon_core.package_identification:_identify(install) by extensions ['ignore', 'ignore_ament_install']
[0.075s] Level 1:colcon.colcon_core.package_identification:_identify(install) by extension 'ignore'
[0.075s] Level 1:colcon.colcon_core.package_identification:_identify(install) ignored
[0.075s] Level 1:colcon.colcon_core.package_identification:_identify(log) by extensions ['ignore', 'ignore_ament_install']
[0.075s] Level 1:colcon.colcon_core.package_identification:_identify(log) by extension 'ignore'
[0.075s] Level 1:colcon.colcon_core.package_identification:_identify(log) ignored
[0.075s] Level 1:colcon.colcon_core.package_identification:_identify(src) by extensions ['ignore', 'ignore_ament_install']
[0.075s] Level 1:colcon.colcon_core.package_identification:_identify(src) by extension 'ignore'
[0.075s] Level 1:colcon.colcon_core.package_identification:_identify(src) by extension 'ignore_ament_install'
[0.075s] Level 1:colcon.colcon_core.package_identification:_identify(src) by extensions ['colcon_pkg']
[0.075s] Level 1:colcon.colcon_core.package_identification:_identify(src) by extension 'colcon_pkg'
[0.075s] Level 1:colcon.colcon_core.package_identification:_identify(src) by extensions ['colcon_meta']
[0.075s] Level 1:colcon.colcon_core.package_identification:_identify(src) by extension 'colcon_meta'
[0.075s] Level 1:colcon.colcon_core.package_identification:_identify(src) by extensions ['ros']
[0.075s] Level 1:colcon.colcon_core.package_identification:_identify(src) by extension 'ros'
[0.075s] Level 1:colcon.colcon_core.package_identification:_identify(src) by extensions ['cmake', 'python']
[0.075s] Level 1:colcon.colcon_core.package_identification:_identify(src) by extension 'cmake'
[0.075s] Level 1:colcon.colcon_core.package_identification:_identify(src) by extension 'python'
[0.075s] Level 1:colcon.colcon_core.package_identification:_identify(src) by extensions ['python_setup_py']
[0.075s] Level 1:colcon.colcon_core.package_identification:_identify(src) by extension 'python_setup_py'
[0.075s] Level 1:colcon.colcon_core.package_identification:_identify(src/data_collector) by extensions ['ignore', 'ignore_ament_install']
[0.075s] Level 1:colcon.colcon_core.package_identification:_identify(src/data_collector) by extension 'ignore'
[0.075s] Level 1:colcon.colcon_core.package_identification:_identify(src/data_collector) by extension 'ignore_ament_install'
[0.075s] Level 1:colcon.colcon_core.package_identification:_identify(src/data_collector) by extensions ['colcon_pkg']
[0.075s] Level 1:colcon.colcon_core.package_identification:_identify(src/data_collector) by extension 'colcon_pkg'
[0.076s] Level 1:colcon.colcon_core.package_identification:_identify(src/data_collector) by extensions ['colcon_meta']
[0.076s] Level 1:colcon.colcon_core.package_identification:_identify(src/data_collector) by extension 'colcon_meta'
[0.076s] Level 1:colcon.colcon_core.package_identification:_identify(src/data_collector) by extensions ['ros']
[0.076s] Level 1:colcon.colcon_core.package_identification:_identify(src/data_collector) by extension 'ros'
[0.077s] DEBUG:colcon.colcon_core.package_identification:Package 'src/data_collector' with type 'ros.ament_python' and name 'data_collector'
[0.077s] Level 1:colcon.colcon_core.package_identification:_identify(src/pseudo_fog) by extensions ['ignore', 'ignore_ament_install']
[0.077s] Level 1:colcon.colcon_core.package_identification:_identify(src/pseudo_fog) by extension 'ignore'
[0.077s] Level 1:colcon.colcon_core.package_identification:_identify(src/pseudo_fog) by extension 'ignore_ament_install'
[0.077s] Level 1:colcon.colcon_core.package_identification:_identify(src/pseudo_fog) by extensions ['colcon_pkg']
[0.077s] Level 1:colcon.colcon_core.package_identification:_identify(src/pseudo_fog) by extension 'colcon_pkg'
[0.077s] Level 1:colcon.colcon_core.package_identification:_identify(src/pseudo_fog) by extensions ['colcon_meta']
[0.077s] Level 1:colcon.colcon_core.package_identification:_identify(src/pseudo_fog) by extension 'colcon_meta'
[0.077s] Level 1:colcon.colcon_core.package_identification:_identify(src/pseudo_fog) by extensions ['ros']
[0.077s] Level 1:colcon.colcon_core.package_identification:_identify(src/pseudo_fog) by extension 'ros'
[0.077s] DEBUG:colcon.colcon_core.package_identification:Package 'src/pseudo_fog' with type 'ros.ament_python' and name 'pseudo_fog'
[0.077s] Level 1:colcon.colcon_core.package_discovery:discover_packages(recursive) using defaults
[0.077s] Level 1:colcon.colcon_core.package_discovery:discover_packages(ignore) discover
[0.077s] Level 1:colcon.colcon_core.package_discovery:discover_packages(ignore) using defaults
[0.077s] Level 1:colcon.colcon_core.package_discovery:discover_packages(path) discover
[0.077s] Level 1:colcon.colcon_core.package_discovery:discover_packages(path) using defaults
[0.085s] Level 1:colcon.colcon_core.package_discovery:discover_packages(prefix_path) check parameters
[0.085s] Level 1:colcon.colcon_core.package_discovery:discover_packages(prefix_path) discover
[0.086s] WARNING:colcon.colcon_core.prefix_path.colcon:The path '/home/ivlab3/Lucas_ws/lucas_ws/install' in the environment variable COLCON_PREFIX_PATH doesn't exist
[0.086s] WARNING:colcon.colcon_core.prefix_path.colcon:The path '/home/ivlab3/lucas_ws/install' in the environment variable COLCON_PREFIX_PATH doesn't exist
[0.086s] WARNING:colcon.colcon_ros.prefix_path.ament:The path '/home/ivlab3/Lucas_ws/lucas_ws/install/pseudo_fog' in the environment variable AMENT_PREFIX_PATH doesn't exist
[0.086s] WARNING:colcon.colcon_ros.prefix_path.ament:The path '/home/ivlab3/Lucas_ws/lucas_ws/install/data_collector' in the environment variable AMENT_PREFIX_PATH doesn't exist
[0.086s] WARNING:colcon.colcon_ros.prefix_path.ament:The path '/home/ivlab3/lucas_ws/install/pseudo_fog' in the environment variable AMENT_PREFIX_PATH doesn't exist
[0.086s] WARNING:colcon.colcon_ros.prefix_path.ament:The path '/home/ivlab3/lucas_ws/install/data_collector' in the environment variable AMENT_PREFIX_PATH doesn't exist
[0.087s] DEBUG:colcon.colcon_installed_package_information.package_discovery:Found 296 installed packages in /opt/ros/jazzy
[0.087s] Level 1:colcon.colcon_core.package_discovery:discover_packages(prefix_path) using defaults
[0.103s] Level 5:colcon.colcon_core.verb:set package 'data_collector' build argument 'cmake_args' from command line to 'None'
[0.103s] Level 5:colcon.colcon_core.verb:set package 'data_collector' build argument 'cmake_target' from command line to 'None'
[0.103s] Level 5:colcon.colcon_core.verb:set package 'data_collector' build argument 'cmake_target_skip_unavailable' from command line to 'False'
[0.103s] Level 5:colcon.colcon_core.verb:set package 'data_collector' build argument 'cmake_clean_cache' from command line to 'False'
[0.103s] Level 5:colcon.colcon_core.verb:set package 'data_collector' build argument 'cmake_clean_first' from command line to 'False'
[0.103s] Level 5:colcon.colcon_core.verb:set package 'data_collector' build argument 'cmake_force_configure' from command line to 'False'
[0.103s] Level 5:colcon.colcon_core.verb:set package 'data_collector' build argument 'ament_cmake_args' from command line to 'None'
[0.103s] Level 5:colcon.colcon_core.verb:set package 'data_collector' build argument 'catkin_cmake_args' from command line to 'None'
[0.103s] Level 5:colcon.colcon_core.verb:set package 'data_collector' build argument 'catkin_skip_building_tests' from command line to 'False'
[0.104s] DEBUG:colcon.colcon_core.verb:Building package 'data_collector' with the following arguments: {'ament_cmake_args': None, 'build_base': '/home/ivlab3/Lucas_ws/ros2_ws/build/data_collector', 'catkin_cmake_args': None, 'catkin_skip_building_tests': False, 'cmake_args': None, 'cmake_clean_cache': False, 'cmake_clean_first': False, 'cmake_force_configure': False, 'cmake_target': None, 'cmake_target_skip_unavailable': False, 'install_base': '/home/ivlab3/Lucas_ws/ros2_ws/install/data_collector', 'merge_install': False, 'path': '/home/ivlab3/Lucas_ws/ros2_ws/src/data_collector', 'symlink_install': True, 'test_result_base': None}
[0.104s] Level 5:colcon.colcon_core.verb:set package 'pseudo_fog' build argument 'cmake_args' from command line to 'None'
[0.104s] Level 5:colcon.colcon_core.verb:set package 'pseudo_fog' build argument 'cmake_target' from command line to 'None'
[0.104s] Level 5:colcon.colcon_core.verb:set package 'pseudo_fog' build argument 'cmake_target_skip_unavailable' from command line to 'False'
[0.104s] Level 5:colcon.colcon_core.verb:set package 'pseudo_fog' build argument 'cmake_clean_cache' from command line to 'False'
[0.104s] Level 5:colcon.colcon_core.verb:set package 'pseudo_fog' build argument 'cmake_clean_first' from command line to 'False'
[0.104s] Level 5:colcon.colcon_core.verb:set package 'pseudo_fog' build argument 'cmake_force_configure' from command line to 'False'
[0.104s] Level 5:colcon.colcon_core.verb:set package 'pseudo_fog' build argument 'ament_cmake_args' from command line to 'None'
[0.104s] Level 5:colcon.colcon_core.verb:set package 'pseudo_fog' build argument 'catkin_cmake_args' from command line to 'None'
[0.104s] Level 5:colcon.colcon_core.verb:set package 'pseudo_fog' build argument 'catkin_skip_building_tests' from command line to 'False'
[0.104s] DEBUG:colcon.colcon_core.verb:Building package 'pseudo_fog' with the following arguments: {'ament_cmake_args': None, 'build_base': '/home/ivlab3/Lucas_ws/ros2_ws/build/pseudo_fog', 'catkin_cmake_args': None, 'catkin_skip_building_tests': False, 'cmake_args': None, 'cmake_clean_cache': False, 'cmake_clean_first': False, 'cmake_force_configure': False, 'cmake_target': None, 'cmake_target_skip_unavailable': False, 'install_base': '/home/ivlab3/Lucas_ws/ros2_ws/install/pseudo_fog', 'merge_install': False, 'path': '/home/ivlab3/Lucas_ws/ros2_ws/src/pseudo_fog', 'symlink_install': True, 'test_result_base': None}
[0.104s] INFO:colcon.colcon_core.executor:Executing jobs using 'parallel' executor
[0.104s] DEBUG:colcon.colcon_parallel_executor.executor.parallel:run_until_complete
[0.104s] INFO:colcon.colcon_ros.task.ament_python.build:Building ROS package in '/home/ivlab3/Lucas_ws/ros2_ws/src/data_collector' with build type 'ament_python'
[0.104s] Level 1:colcon.colcon_core.shell:create_environment_hook('data_collector', 'ament_prefix_path')
[0.105s] INFO:colcon.colcon_core.plugin_system:Skipping extension 'colcon_core.shell.bat': Not used on non-Windows systems
[0.105s] INFO:colcon.colcon_core.shell:Creating environment hook '/home/ivlab3/Lucas_ws/ros2_ws/install/data_collector/share/data_collector/hook/ament_prefix_path.ps1'
[0.106s] INFO:colcon.colcon_core.shell:Creating environment descriptor '/home/ivlab3/Lucas_ws/ros2_ws/install/data_collector/share/data_collector/hook/ament_prefix_path.dsv'
[0.106s] INFO:colcon.colcon_core.shell:Creating environment hook '/home/ivlab3/Lucas_ws/ros2_ws/install/data_collector/share/data_collector/hook/ament_prefix_path.sh'
[0.106s] INFO:colcon.colcon_core.shell:Skip shell extension 'powershell' for command environment: Not usable outside of PowerShell
[0.106s] DEBUG:colcon.colcon_core.shell:Skip shell extension 'dsv' for command environment
[0.107s] INFO:colcon.colcon_ros.task.ament_python.build:Building ROS package in '/home/ivlab3/Lucas_ws/ros2_ws/src/pseudo_fog' with build type 'ament_python'
[0.107s] Level 1:colcon.colcon_core.shell:create_environment_hook('pseudo_fog', 'ament_prefix_path')
[0.107s] INFO:colcon.colcon_core.shell:Creating environment hook '/home/ivlab3/Lucas_ws/ros2_ws/install/pseudo_fog/share/pseudo_fog/hook/ament_prefix_path.ps1'
[0.107s] INFO:colcon.colcon_core.shell:Creating environment descriptor '/home/ivlab3/Lucas_ws/ros2_ws/install/pseudo_fog/share/pseudo_fog/hook/ament_prefix_path.dsv'
[0.108s] INFO:colcon.colcon_core.shell:Creating environment hook '/home/ivlab3/Lucas_ws/ros2_ws/install/pseudo_fog/share/pseudo_fog/hook/ament_prefix_path.sh'
[0.108s] INFO:colcon.colcon_core.shell:Skip shell extension 'powershell' for command environment: Not usable outside of PowerShell
[0.108s] DEBUG:colcon.colcon_core.shell:Skip shell extension 'dsv' for command environment
[0.200s] INFO:colcon.colcon_core.task.python.build:Building Python package in '/home/ivlab3/Lucas_ws/ros2_ws/src/data_collector'
[0.200s] INFO:colcon.colcon_core.shell:Skip shell extension 'powershell' for command environment: Not usable outside of PowerShell
[0.201s] DEBUG:colcon.colcon_core.shell:Skip shell extension 'dsv' for command environment
[0.292s] INFO:colcon.colcon_core.task.python.build:Building Python package in '/home/ivlab3/Lucas_ws/ros2_ws/src/pseudo_fog'
[0.292s] INFO:colcon.colcon_core.shell:Skip shell extension 'powershell' for command environment: Not usable outside of PowerShell
[0.292s] DEBUG:colcon.colcon_core.shell:Skip shell extension 'dsv' for command environment
[0.531s] DEBUG:colcon.colcon_core.event_handler.log_command:Invoking command in '/home/ivlab3/Lucas_ws/ros2_ws/build/pseudo_fog': DEBUGINFOD_URLS=https://debuginfod.ubuntu.com PYTHONPATH=/home/ivlab3/Lucas_ws/ros2_ws/build/pseudo_fog/prefix_override:/usr/lib/python3/dist-packages/colcon_core/task/python/colcon_distutils_commands:/home/ivlab3/Lucas_ws/ros2_ws/install/pseudo_fog/lib/python3.12/site-packages:${PYTHONPATH} /usr/bin/python3 -W ignore:setup.py install is deprecated -W ignore:easy_install command is deprecated setup.py develop --editable --build-directory /home/ivlab3/Lucas_ws/ros2_ws/build/pseudo_fog/build --no-deps symlink_data
[0.532s] DEBUG:colcon.colcon_core.event_handler.log_command:Invoking command in '/home/ivlab3/Lucas_ws/ros2_ws/build/data_collector': DEBUGINFOD_URLS=https://debuginfod.ubuntu.com PYTHONPATH=/home/ivlab3/Lucas_ws/ros2_ws/build/data_collector/prefix_override:/usr/lib/python3/dist-packages/colcon_core/task/python/colcon_distutils_commands:/home/ivlab3/Lucas_ws/ros2_ws/install/data_collector/lib/python3.12/site-packages:${PYTHONPATH} /usr/bin/python3 -W ignore:setup.py install is deprecated -W ignore:easy_install command is deprecated setup.py develop --editable --build-directory /home/ivlab3/Lucas_ws/ros2_ws/build/data_collector/build --no-deps symlink_data
[0.785s] Level 1:colcon.colcon_core.shell:create_environment_hook('pseudo_fog', 'pythonpath_develop')
[0.785s] INFO:colcon.colcon_core.shell:Creating environment hook '/home/ivlab3/Lucas_ws/ros2_ws/build/pseudo_fog/share/pseudo_fog/hook/pythonpath_develop.ps1'
[0.786s] DEBUG:colcon.colcon_core.event_handler.log_command:Invoked command in '/home/ivlab3/Lucas_ws/ros2_ws/build/pseudo_fog' returned '0': DEBUGINFOD_URLS=https://debuginfod.ubuntu.com PYTHONPATH=/home/ivlab3/Lucas_ws/ros2_ws/build/pseudo_fog/prefix_override:/usr/lib/python3/dist-packages/colcon_core/task/python/colcon_distutils_commands:/home/ivlab3/Lucas_ws/ros2_ws/install/pseudo_fog/lib/python3.12/site-packages:${PYTHONPATH} /usr/bin/python3 -W ignore:setup.py install is deprecated -W ignore:easy_install command is deprecated setup.py develop --editable --build-directory /home/ivlab3/Lucas_ws/ros2_ws/build/pseudo_fog/build --no-deps symlink_data
[0.786s] INFO:colcon.colcon_core.shell:Creating environment descriptor '/home/ivlab3/Lucas_ws/ros2_ws/build/pseudo_fog/share/pseudo_fog/hook/pythonpath_develop.dsv'
[0.786s] INFO:colcon.colcon_core.shell:Creating environment hook '/home/ivlab3/Lucas_ws/ros2_ws/build/pseudo_fog/share/pseudo_fog/hook/pythonpath_develop.sh'
[0.788s] Level 1:colcon.colcon_core.environment:checking '/home/ivlab3/Lucas_ws/ros2_ws/install/pseudo_fog' for CMake module files
[0.788s] Level 1:colcon.colcon_core.environment:checking '/home/ivlab3/Lucas_ws/ros2_ws/install/pseudo_fog' for CMake config files
[0.788s] Level 1:colcon.colcon_core.environment:checking '/home/ivlab3/Lucas_ws/ros2_ws/install/pseudo_fog/lib'
[0.788s] Level 1:colcon.colcon_core.environment:checking '/home/ivlab3/Lucas_ws/ros2_ws/install/pseudo_fog/bin'
[0.788s] Level 1:colcon.colcon_core.environment:checking '/home/ivlab3/Lucas_ws/ros2_ws/install/pseudo_fog/lib/pkgconfig/pseudo_fog.pc'
[0.789s] Level 1:colcon.colcon_core.environment:checking '/home/ivlab3/Lucas_ws/ros2_ws/install/pseudo_fog/lib/python3.12/site-packages'
[0.789s] Level 1:colcon.colcon_core.shell:create_environment_hook('pseudo_fog', 'pythonpath')
[0.789s] INFO:colcon.colcon_core.shell:Creating environment hook '/home/ivlab3/Lucas_ws/ros2_ws/install/pseudo_fog/share/pseudo_fog/hook/pythonpath.ps1'
[0.789s] INFO:colcon.colcon_core.shell:Creating environment descriptor '/home/ivlab3/Lucas_ws/ros2_ws/install/pseudo_fog/share/pseudo_fog/hook/pythonpath.dsv'
[0.789s] INFO:colcon.colcon_core.shell:Creating environment hook '/home/ivlab3/Lucas_ws/ros2_ws/install/pseudo_fog/share/pseudo_fog/hook/pythonpath.sh'
[0.789s] Level 1:colcon.colcon_core.environment:checking '/home/ivlab3/Lucas_ws/ros2_ws/install/pseudo_fog/bin'
[0.789s] Level 1:colcon.colcon_core.environment:create_environment_scripts_only(pseudo_fog)
[0.789s] INFO:colcon.colcon_core.shell:Creating package script '/home/ivlab3/Lucas_ws/ros2_ws/install/pseudo_fog/share/pseudo_fog/package.ps1'
[0.790s] INFO:colcon.colcon_core.shell:Creating package descriptor '/home/ivlab3/Lucas_ws/ros2_ws/install/pseudo_fog/share/pseudo_fog/package.dsv'
[0.790s] INFO:colcon.colcon_core.shell:Creating package script '/home/ivlab3/Lucas_ws/ros2_ws/install/pseudo_fog/share/pseudo_fog/package.sh'
[0.790s] INFO:colcon.colcon_core.shell:Creating package script '/home/ivlab3/Lucas_ws/ros2_ws/install/pseudo_fog/share/pseudo_fog/package.bash'
[0.790s] INFO:colcon.colcon_core.shell:Creating package script '/home/ivlab3/Lucas_ws/ros2_ws/install/pseudo_fog/share/pseudo_fog/package.zsh'
[0.790s] Level 1:colcon.colcon_core.environment:create_file_with_runtime_dependencies(/home/ivlab3/Lucas_ws/ros2_ws/install/pseudo_fog/share/colcon-core/packages/pseudo_fog)
[0.791s] Level 1:colcon.colcon_core.shell:create_environment_hook('data_collector', 'pythonpath_develop')
[0.791s] DEBUG:colcon.colcon_core.event_handler.log_command:Invoked command in '/home/ivlab3/Lucas_ws/ros2_ws/build/data_collector' returned '0': DEBUGINFOD_URLS=https://debuginfod.ubuntu.com PYTHONPATH=/home/ivlab3/Lucas_ws/ros2_ws/build/data_collector/prefix_override:/usr/lib/python3/dist-packages/colcon_core/task/python/colcon_distutils_commands:/home/ivlab3/Lucas_ws/ros2_ws/install/data_collector/lib/python3.12/site-packages:${PYTHONPATH} /usr/bin/python3 -W ignore:setup.py install is deprecated -W ignore:easy_install command is deprecated setup.py develop --editable --build-directory /home/ivlab3/Lucas_ws/ros2_ws/build/data_collector/build --no-deps symlink_data
[0.792s] INFO:colcon.colcon_core.shell:Creating environment hook '/home/ivlab3/Lucas_ws/ros2_ws/build/data_collector/share/data_collector/hook/pythonpath_develop.ps1'
[0.792s] INFO:colcon.colcon_core.shell:Creating environment descriptor '/home/ivlab3/Lucas_ws/ros2_ws/build/data_collector/share/data_collector/hook/pythonpath_develop.dsv'
[0.792s] INFO:colcon.colcon_core.shell:Creating environment hook '/home/ivlab3/Lucas_ws/ros2_ws/build/data_collector/share/data_collector/hook/pythonpath_develop.sh'
[0.792s] Level 1:colcon.colcon_core.environment:checking '/home/ivlab3/Lucas_ws/ros2_ws/install/data_collector' for CMake module files
[0.793s] Level 1:colcon.colcon_core.environment:checking '/home/ivlab3/Lucas_ws/ros2_ws/install/data_collector' for CMake config files
[0.793s] Level 1:colcon.colcon_core.environment:checking '/home/ivlab3/Lucas_ws/ros2_ws/install/data_collector/lib'
[0.793s] Level 1:colcon.colcon_core.environment:checking '/home/ivlab3/Lucas_ws/ros2_ws/install/data_collector/bin'
[0.793s] Level 1:colcon.colcon_core.environment:checking '/home/ivlab3/Lucas_ws/ros2_ws/install/data_collector/lib/pkgconfig/data_collector.pc'
[0.793s] Level 1:colcon.colcon_core.environment:checking '/home/ivlab3/Lucas_ws/ros2_ws/install/data_collector/lib/python3.12/site-packages'
[0.793s] Level 1:colcon.colcon_core.shell:create_environment_hook('data_collector', 'pythonpath')
[0.794s] INFO:colcon.colcon_core.shell:Creating environment hook '/home/ivlab3/Lucas_ws/ros2_ws/install/data_collector/share/data_collector/hook/pythonpath.ps1'
[0.794s] INFO:colcon.colcon_core.shell:Creating environment descriptor '/home/ivlab3/Lucas_ws/ros2_ws/install/data_collector/share/data_collector/hook/pythonpath.dsv'
[0.794s] INFO:colcon.colcon_core.shell:Creating environment hook '/home/ivlab3/Lucas_ws/ros2_ws/install/data_collector/share/data_collector/hook/pythonpath.sh'
[0.794s] Level 1:colcon.colcon_core.environment:checking '/home/ivlab3/Lucas_ws/ros2_ws/install/data_collector/bin'
[0.794s] Level 1:colcon.colcon_core.environment:create_environment_scripts_only(data_collector)
[0.795s] INFO:colcon.colcon_core.shell:Creating package script '/home/ivlab3/Lucas_ws/ros2_ws/install/data_collector/share/data_collector/package.ps1'
[0.795s] INFO:colcon.colcon_core.shell:Creating package descriptor '/home/ivlab3/Lucas_ws/ros2_ws/install/data_collector/share/data_collector/package.dsv'
[0.795s] INFO:colcon.colcon_core.shell:Creating package script '/home/ivlab3/Lucas_ws/ros2_ws/install/data_collector/share/data_collector/package.sh'
[0.795s] INFO:colcon.colcon_core.shell:Creating package script '/home/ivlab3/Lucas_ws/ros2_ws/install/data_collector/share/data_collector/package.bash'
[0.796s] INFO:colcon.colcon_core.shell:Creating package script '/home/ivlab3/Lucas_ws/ros2_ws/install/data_collector/share/data_collector/package.zsh'
[0.796s] Level 1:colcon.colcon_core.environment:create_file_with_runtime_dependencies(/home/ivlab3/Lucas_ws/ros2_ws/install/data_collector/share/colcon-core/packages/data_collector)
[0.796s] DEBUG:colcon.colcon_parallel_executor.executor.parallel:closing loop
[0.796s] DEBUG:colcon.colcon_parallel_executor.executor.parallel:loop closed
[0.796s] DEBUG:colcon.colcon_parallel_executor.executor.parallel:run_until_complete finished with '0'
[0.796s] DEBUG:colcon.colcon_core.event_reactor:joining thread
[0.800s] INFO:colcon.colcon_core.plugin_system:Skipping extension 'colcon_notification.desktop_notification.terminal_notifier': Not used on non-Darwin systems
[0.800s] INFO:colcon.colcon_core.plugin_system:Skipping extension 'colcon_notification.desktop_notification.win32': Not used on non-Windows systems
[0.800s] INFO:colcon.colcon_notification.desktop_notification:Sending desktop notification using 'notify2'
[0.821s] DEBUG:colcon.colcon_core.event_reactor:joined thread
[0.821s] INFO:colcon.colcon_core.shell:Creating prefix script '/home/ivlab3/Lucas_ws/ros2_ws/install/local_setup.ps1'
[0.822s] INFO:colcon.colcon_core.shell:Creating prefix util module '/home/ivlab3/Lucas_ws/ros2_ws/install/_local_setup_util_ps1.py'
[0.823s] INFO:colcon.colcon_core.shell:Creating prefix chain script '/home/ivlab3/Lucas_ws/ros2_ws/install/setup.ps1'
[0.823s] INFO:colcon.colcon_core.shell:Creating prefix script '/home/ivlab3/Lucas_ws/ros2_ws/install/local_setup.sh'
[0.824s] INFO:colcon.colcon_core.shell:Creating prefix util module '/home/ivlab3/Lucas_ws/ros2_ws/install/_local_setup_util_sh.py'
[0.824s] INFO:colcon.colcon_core.shell:Creating prefix chain script '/home/ivlab3/Lucas_ws/ros2_ws/install/setup.sh'
[0.824s] INFO:colcon.colcon_core.shell:Creating prefix script '/home/ivlab3/Lucas_ws/ros2_ws/install/local_setup.bash'
[0.825s] INFO:colcon.colcon_core.shell:Creating prefix chain script '/home/ivlab3/Lucas_ws/ros2_ws/install/setup.bash'
[0.825s] INFO:colcon.colcon_core.shell:Creating prefix script '/home/ivlab3/Lucas_ws/ros2_ws/install/local_setup.zsh'
[0.826s] INFO:colcon.colcon_core.shell:Creating prefix chain script '/home/ivlab3/Lucas_ws/ros2_ws/install/setup.zsh'
