running develop
running egg_info
creating pseudo_fog.egg-info
writing pseudo_fog.egg-info/PKG-INFO
writing dependency_links to pseudo_fog.egg-info/dependency_links.txt
writing entry points to pseudo_fog.egg-info/entry_points.txt
writing requirements to pseudo_fog.egg-info/requires.txt
writing top-level names to pseudo_fog.egg-info/top_level.txt
writing manifest file 'pseudo_fog.egg-info/SOURCES.txt'
reading manifest file 'pseudo_fog.egg-info/SOURCES.txt'
writing manifest file 'pseudo_fog.egg-info/SOURCES.txt'
running build_ext
Creating /home/ivlab3/Lucas_ws/ros2_ws/install/pseudo_fog/lib/python3.12/site-packages/pseudo-fog.egg-link (link to .)
Installing fog_compare_node script to /home/ivlab3/Lucas_ws/ros2_ws/install/pseudo_fog/lib/pseudo_fog
Installing fog_spec_check_node script to /home/ivlab3/Lucas_ws/ros2_ws/install/pseudo_fog/lib/pseudo_fog
Installing pseudo_fog_node script to /home/ivlab3/Lucas_ws/ros2_ws/install/pseudo_fog/lib/pseudo_fog

Installed /home/ivlab3/Lucas_ws/ros2_ws/build/pseudo_fog
running symlink_data
creating /home/ivlab3/Lucas_ws/ros2_ws/install/pseudo_fog/share/ament_index
creating /home/ivlab3/Lucas_ws/ros2_ws/install/pseudo_fog/share/ament_index/resource_index
creating /home/ivlab3/Lucas_ws/ros2_ws/install/pseudo_fog/share/ament_index/resource_index/packages
symbolically linking /home/ivlab3/Lucas_ws/ros2_ws/build/pseudo_fog/resource/pseudo_fog -> /home/ivlab3/Lucas_ws/ros2_ws/install/pseudo_fog/share/ament_index/resource_index/packages
symbolically linking /home/ivlab3/Lucas_ws/ros2_ws/build/pseudo_fog/package.xml -> /home/ivlab3/Lucas_ws/ros2_ws/install/pseudo_fog/share/pseudo_fog
